// Jest Snapshot v1, https://goo.gl/fbAQLP

exports[`LogicGate snapshot check 1`] = `
<div
  class="position-absolute logic-gate-container"
>
  <div
    class="logic-gate react-draggable"
    style="transform:translate(0px,0px)"
  >
    <div
      class="circle circle-left"
    />
    <div
      class="handle"
    />
    <select
      class="form-select logic-gate-select"
    >
      <option
        value="OR"
      >
        OR
      </option>
      <option
        selected=""
        value="AND"
      >
        AND
      </option>
      <option
        selected=""
        value="AND"
      >
        NOT
      </option>
      <option
        selected=""
        value="AND"
      >
        NOR
      </option>
      <option
        value="NAND"
      >
        NAND
      </option>
      <option
        value="XOR"
      >
        XOR
      </option>
      <option
        value="XNOR"
      >
        XNOR
      </option>
    </select>
    <div
      class="circle circle-right"
    />
  </div>
</div>
`;
